void f() {
    int a;
    a = 10;
    if ((2 > 3)) {
        std::cout << 3;
    }
    else {
        if ((4 > (7 - 2)))
            std::cout << (3 + 4);
    }
}
