void f(int a, int b) {
    int t;
    while ((0 != b))
    {
        a = (a % b);
        t = a;
        a = b;
        b = t;
    }
}
