void mean(int l, int r) {
    int m;
    m = ((l + r) / 2);
}
