void f() {
    if (true) {
        std::cout << true;
    }
    else {
        std::cout << false;
    }
}
