void f() {
    if (((true || false) && false))
        std::cout << 42;
}
